// Vitest Snapshot v1, https://vitest.dev/guide/snapshot.html

exports[`delete-object tool > deleting projects > should delete a project by ID 1`] = `"Deleted project: id=6cfCcrrCFg2xP94Q"`;

exports[`delete-object tool > deleting sections > should delete a section by ID 1`] = `"Deleted section: id=section-123"`;

exports[`delete-object tool > deleting tasks > should delete a task by ID 1`] = `"Deleted task: id=8485093748"`;
