// Jest Snapshot v1, https://jestjs.io/docs/snapshot-testing

exports[`quick-add-task tool should handle quick add with reminder and meta 1`] = `
"Quick added 1 task.
Tasks:
  - Quick task with reminder
"
`;

exports[`quick-add-task tool should quick add multiple tasks and return mapped results 1`] = `
"Quick added 2 tasks.
Tasks:
  - Quick task 1
  - Quick task 2
"
`;
